INFO: connecting to panda 3a0007000151343435333330
{
  "b6": {
    "construction": "current opendbc TSS3B6Template + active companions 0/100/100 + TSS3_B6_DUMMY_SECOC_KEY",
    "first_frame_hex": "0000000bfffe0000646400000000000000000000000000000000000021f56773",
    "first_reset_counter": 866,
    "frames_hex": [
      "0000000bfffe0000646400000000000000000000000000000000000021f56773",
      "0000000bfffe000164640000000000000000000000000000000000006afce536",
      "0000000bfffe00026464000000000000000000000000000000000000a7f716cb",
      "0000000bfffe00036464000000000000000000000000000000000000eb62a6db",
      "0000000bfffe0004646400000000000000000000000000000000000020f6fe89",
      "0000000bfffe000564640000000000000000000000000000000000006bb83b92",
      "0000000bfffe00066464000000000000000000000000000000000000ad699718",
      "0000000bfffe00076464000000000000000000000000000000000000e4ac9a2f",
      "0000000bfffe000864640000000000000000000000000000000000003c8f80ae",
      "0000000bfffe0009646400000000000000000000000000000000000072d85ae4",
      "0000000bfffe000a6464000000000000000000000000000000000000b806a490",
      "0000000bfffe000b6464000000000000000000000000000000000000fd9d1428",
      "0000000bfffe000c64640000000000000000000000000000000000003b408548",
      "0000000bfffe000d6464000000000000000000000000000000000000778c715d",
      "0000000bfffe000e6464000000000000000000000000000000000000b9f7bdaf",
      "0000000bfffe000f6464000000000000000000000000000000000000f59faf3e",
      "0000000bfffe001064640000000000000000000000000000000000003438ccbd",
      "0000000bfffe001164640000000000000000000000000000000000007a2de580",
      "0000000bfffe00126464000000000000000000000000000000000000b4193966",
      "0000000bfffe00136464000000000000000000000000000000000000f10a9c3d",
      "0000000bfffe00146464000000000000000000000000000000000000382e3607",
      "0000000bfffe001564640000000000000000000000000000000000007f749ce2",
      "0000000bfffe00166464000000000000000000000000000000000000b19bc8a9",
      "0000000bfffe001764640000000000000000000000000000000000000cd2f3b4",
      "0000000bfffe001864640000000000000000000000000000000000004235bba3",
      "0000000bfffe001964640000000000000000000000000000000000008b044fd0",
      "0000000bfffe001a6464000000000000000000000000000000000000cadfcf67",
      "0000000bfffe001b64640000000000000000000000000000000000000f8e9992",
      "0000000bfffe001c6464000000000000000000000000000000000000435ac8d9",
      "0000000bfffe001d64640000000000000000000000000000000000008969e538",
      "0000000bfffe001e6464000000000000000000000000000000000000cee320e7",
      "0000000bfffe001f646400000000000000000000000000000000000000762459",
      "0000000bfffe0020646400000000000000000000000000000000000047757a3c",
      "0000000bfffe0021646400000000000000000000000000000000000081a3f72c",
      "0000000bfffe00226464000000000000000000000000000000000000c45fc917",
      "0000000bfffe002364640000000000000000000000000000000000000e7cf06e",
      "0000000bfffe0024646400000000000000000000000000000000000044e9d9d5",
      "0000000bfffe002564640000000000000000000000000000000000008cb5b348",
      "0000000bfffe002664640000000000000000000000000000000000001b20154c",
      "0000000bfffe002764640000000000000000000000000000000000005178747d",
      "0000000bfffe002864640000000000000000000000000000000000009daa8b91",
      "0000000bfffe00296464000000000000000000000000000000000000dc3bb58b",
      "0000000bfffe002a64640000000000000000000000000000000000001e17e32e",
      "0000000bfffe002b6464000000000000000000000000000000000000561e8cab",
      "0000000bfffe002c646400000000000000000000000000000000000095ab0f9f",
      "0000000bfffe002d6464000000000000000000000000000000000000df936514",
      "0000000bfffe002e64640000000000000000000000000000000000001b8ec3f8",
      "0000000bfffe002f64640000000000000000000000000000000000005c1c9a2d",
      "0000000bfffe003064640000000000000000000000000000000000009283a18d",
      "0000000bfffe00316464000000000000000000000000000000000000dfc3c79c",
      "0000000bfffe003264640000000000000000000000000000000000001c8569e5",
      "0000000bfffe0033646400000000000000000000000000000000000051a2a9a7",
      "0000000bfffe003464640000000000000000000000000000000000009e64f4c0",
      "0000000bfffe0035646400000000000000000000000000000000000026ebbef6",
      "0000000bfffe003664640000000000000000000000000000000000006b41073e",
      "0000000bfffe00376464000000000000000000000000000000000000a7efa97f",
      "0000000bfffe00386464000000000000000000000000000000000000e235ff22",
      "0000000bfffe003964640000000000000000000000000000000000002abfb371",
      "0000000bfffe003a64640000000000000000000000000000000000006d2da598",
      "0000000bfffe003b6464000000000000000000000000000000000000a4cbef47",
      "0000000bfffe003c6464000000000000000000000000000000000000edeff79a",
      "0000000bfffe003d646400000000000000000000000000000000000023a4fee3",
      "0000000bfffe003e646400000000000000000000000000000000000060e0bbf9",
      "0000000bfffe003f6464000000000000000000000000000000000000a7b8edf1",
      "0000000bfffe00006464000000000000000000000000000000000000e4724cc4",
      "0000000bfffe0001646400000000000000000000000000000000000025f848b6",
      "0000000bfffe0002646400000000000000000000000000000000000063b29825",
      "0000000bfffe00036464000000000000000000000000000000000000a6a78d8c",
      "0000000bfffe000464640000000000000000000000000000000000003896746d",
      "0000000bfffe0005646400000000000000000000000000000000000074f84f9c",
      "0000000bfffe00066464000000000000000000000000000000000000be323966",
      "0000000bfffe00076464000000000000000000000000000000000000f79f7255",
      "0000000bfffe000864640000000000000000000000000000000000003c3e6982",
      "0000000bfffe000964640000000000000000000000000000000000007ff9f03f",
      "0000000bfffe000a6464000000000000000000000000000000000000bf9ae826",
      "0000000bfffe000b6464000000000000000000000000000000000000fc6ffaac",
      "0000000bfffe000c646400000000000000000000000000000000000034f2ccb5",
      "0000000bfffe000d64640000000000000000000000000000000000007949ba3e",
      "0000000bfffe000e6464000000000000000000000000000000000000b4707d8c",
      "0000000bfffe000f6464000000000000000000000000000000000000ff634811",
      "0000000bfffe00106464000000000000000000000000000000000000337c58b7",
      "0000000bfffe001164640000000000000000000000000000000000007cea854a",
      "0000000bfffe00126464000000000000000000000000000000000000b45bc56a",
      "0000000bfffe001364640000000000000000000000000000000000000e14661e",
      "0000000bfffe001464640000000000000000000000000000000000004b6c9e34",
      "0000000bfffe0015646400000000000000000000000000000000000088082ba3",
      "0000000bfffe00166464000000000000000000000000000000000000c297af48",
      "0000000bfffe0017646400000000000000000000000000000000000009265ad7",
      "0000000bfffe001864640000000000000000000000000000000000004b2ee607",
      "0000000bfffe00196464000000000000000000000000000000000000855ec2bc",
      "0000000bfffe001a6464000000000000000000000000000000000000c99ff769",
      "0000000bfffe001b6464000000000000000000000000000000000000070c5937",
      "0000000bfffe001c6464000000000000000000000000000000000000466c75bb",
      "0000000bfffe001d64640000000000000000000000000000000000008def2e44",
      "0000000bfffe001e6464000000000000000000000000000000000000c9749c56",
      "0000000bfffe001f64640000000000000000000000000000000000000b931193",
      "0000000bfffe002064640000000000000000000000000000000000004c2e97c8",
      "0000000bfffe00216464000000000000000000000000000000000000868667e2",
      "0000000bfffe0022646400000000000000000000000000000000000018afeb55",
      "0000000bfffe00236464000000000000000000000000000000000000554db76b",
      "0000000bfffe0024646400000000000000000000000000000000000090ed46c5",
      "0000000bfffe00256464000000000000000000000000000000000000d918caf0",
      "0000000bfffe0026646400000000000000000000000000000000000015f7dbba",
      "0000000bfffe0027646400000000000000000000000000000000000052d46bea",
      "0000000bfffe00286464000000000000000000000000000000000000926277ff",
      "0000000bfffe00296464000000000000000000000000000000000000d4a0cb04",
      "0000000bfffe002a64640000000000000000000000000000000000001d7d19e4",
      "0000000bfffe002b646400000000000000000000000000000000000056a796f0",
      "0000000bfffe002c64640000000000000000000000000000000000009b240ca3",
      "0000000bfffe002d6464000000000000000000000000000000000000d117ec47",
      "0000000bfffe002e646400000000000000000000000000000000000015b3347b",
      "0000000bfffe002f646400000000000000000000000000000000000055e90af0",
      "0000000bfffe0030646400000000000000000000000000000000000099d927c3",
      "0000000bfffe00316464000000000000000000000000000000000000289a67cc",
      "0000000bfffe003264640000000000000000000000000000000000006666e11f",
      "0000000bfffe00336464000000000000000000000000000000000000a63f2410",
      "0000000bfffe00346464000000000000000000000000000000000000ed7899d0",
      "0000000bfffe003564640000000000000000000000000000000000002612f699",
      "0000000bfffe003664640000000000000000000000000000000000006f790596",
      "0000000bfffe00376464000000000000000000000000000000000000a9d687e5",
      "0000000bfffe00386464000000000000000000000000000000000000e59d1b67",
      "0000000bfffe003964640000000000000000000000000000000000002970fd8f",
      "0000000bfffe003a64640000000000000000000000000000000000006699eb58",
      "0000000bfffe003b6464000000000000000000000000000000000000aace6294",
      "0000000bfffe003c6464000000000000000000000000000000000000e9cfdd1f",
      "0000000bfffe003d64640000000000000000000000000000000000002de6fb1a",
      "0000000bfffe003e646400000000000000000000000000000000000062976393",
      "0000000bfffe003f6464000000000000000000000000000000000000a9b4e397",
      "0000000bfffe000064640000000000000000000000000000000000003589edc5",
      "0000000bfffe000164640000000000000000000000000000000000007cabc999",
      "0000000bfffe00026464000000000000000000000000000000000000b04d2bc4",
      "0000000bfffe00036464000000000000000000000000000000000000f5c96089",
      "0000000bfffe000464640000000000000000000000000000000000003ead028a",
      "0000000bfffe000564640000000000000000000000000000000000007984cad1",
      "0000000bfffe00066464000000000000000000000000000000000000baa974d5",
      "0000000bfffe00076464000000000000000000000000000000000000f6c53b47",
      "0000000bfffe000864640000000000000000000000000000000000003b134ab4",
      "0000000bfffe00096464000000000000000000000000000000000000760f4654",
      "0000000bfffe000a6464000000000000000000000000000000000000b70a2eaa",
      "0000000bfffe000b6464000000000000000000000000000000000000fd0fe034",
      "0000000bfffe000c64640000000000000000000000000000000000003610f4e5",
      "0000000bfffe000d6464000000000000000000000000000000000000788dcb7f",
      "0000000bfffe000e6464000000000000000000000000000000000000bc350d31",
      "0000000bfffe000f64640000000000000000000000000000000000000d5eada9",
      "0000000bfffe001064640000000000000000000000000000000000004a3648e7",
      "0000000bfffe001164640000000000000000000000000000000000008343a659",
      "0000000bfffe00126464000000000000000000000000000000000000cfa3f0a5",
      "0000000bfffe0013646400000000000000000000000000000000000002e108cd",
      "0000000bfffe001464640000000000000000000000000000000000004a369a43",
      "0000000bfffe0015646400000000000000000000000000000000000081cfbf79",
      "0000000bfffe00166464000000000000000000000000000000000000c89b2482",
      "0000000bfffe001764640000000000000000000000000000000000000e3a264c",
      "0000000bfffe001864640000000000000000000000000000000000004c3b1d33",
      "0000000bfffe001964640000000000000000000000000000000000008254ddfd",
      "0000000bfffe001a6464000000000000000000000000000000000000c1f8459a",
      "0000000bfffe001b64640000000000000000000000000000000000000f02c7f0",
      "0000000bfffe001c6464000000000000000000000000000000000000401b4de3",
      "0000000bfffe001d646400000000000000000000000000000000000080fe7729",
      "0000000bfffe001e646400000000000000000000000000000000000017abe3ca",
      "0000000bfffe001f646400000000000000000000000000000000000051f53050",
      "0000000bfffe002064640000000000000000000000000000000000009d3517c4",
      "0000000bfffe00216464000000000000000000000000000000000000d6300adf",
      "0000000bfffe0022646400000000000000000000000000000000000016a1f872",
      "0000000bfffe002364640000000000000000000000000000000000005bb74d0e",
      "0000000bfffe0024646400000000000000000000000000000000000096b448da",
      "0000000bfffe00256464000000000000000000000000000000000000d67fb0df",
      "0000000bfffe0026646400000000000000000000000000000000000013373d81",
      "0000000bfffe0027646400000000000000000000000000000000000057b58e3d",
      "0000000bfffe00286464000000000000000000000000000000000000981cee36",
      "0000000bfffe00296464000000000000000000000000000000000000decfdcab",
      "0000000bfffe002a64640000000000000000000000000000000000001e7e4d80",
      "0000000bfffe002b64640000000000000000000000000000000000005c760c92",
      "0000000bfffe002c6464000000000000000000000000000000000000955e6ae3",
      "0000000bfffe002d64640000000000000000000000000000000000002fc4ab96",
      "0000000bfffe002e646400000000000000000000000000000000000065c4e734",
      "0000000bfffe002f6464000000000000000000000000000000000000a55d6f0c",
      "0000000bfffe00306464000000000000000000000000000000000000e48fbef8",
      "0000000bfffe003164640000000000000000000000000000000000002bea9975",
      "0000000bfffe00326464000000000000000000000000000000000000635f2cc5",
      "0000000bfffe00336464000000000000000000000000000000000000abc7083f",
      "0000000bfffe00346464000000000000000000000000000000000000eb415a88",
      "0000000bfffe0035646400000000000000000000000000000000000029a42635",
      "0000000bfffe003664640000000000000000000000000000000000006f340c04",
      "0000000bfffe00376464000000000000000000000000000000000000a4feac9e",
      "0000000bfffe00386464000000000000000000000000000000000000edd9a3d5",
      "0000000bfffe003964640000000000000000000000000000000000002dc0d4ed",
      "0000000bfffe003a64640000000000000000000000000000000000006b55c6c2",
      "0000000bfffe003b6464000000000000000000000000000000000000a80ab33e"
    ],
    "freshness_reset_reanchors": 13,
    "last_frame_hex": "0000000bfffe003b6464000000000000000000000000000000000000a80ab33e",
    "last_reset_counter": 878,
    "max_sync_age_ms": 109.826,
    "period_seconds": 0.02,
    "phase_signatures_hex": [
      "0000000bfffe00006464000021f56773",
      "0000000bfffe0001646400006afce536",
      "0000000bfffe000264640000a7f716cb",
      "0000000bfffe000364640000eb62a6db",
      "0000000bfffe00046464000020f6fe89",
      "0000000bfffe0005646400006bb83b92",
      "0000000bfffe000664640000ad699718",
      "0000000bfffe000764640000e4ac9a2f",
      "0000000bfffe0008646400003c8f80ae",
      "0000000bfffe00096464000072d85ae4",
      "0000000bfffe000a64640000b806a490",
      "0000000bfffe000b64640000fd9d1428",
      "0000000bfffe000c646400003b408548",
      "0000000bfffe000d64640000778c715d",
      "0000000bfffe000e64640000b9f7bdaf",
      "0000000bfffe000f64640000f59faf3e",
      "0000000bfffe0010646400003438ccbd",
      "0000000bfffe0011646400007a2de580",
      "0000000bfffe001264640000b4193966",
      "0000000bfffe001364640000f10a9c3d",
      "0000000bfffe001464640000382e3607",
      "0000000bfffe0015646400007f749ce2",
      "0000000bfffe001664640000b19bc8a9",
      "0000000bfffe0017646400000cd2f3b4",
      "0000000bfffe0018646400004235bba3",
      "0000000bfffe0019646400008b044fd0",
      "0000000bfffe001a64640000cadfcf67",
      "0000000bfffe001b646400000f8e9992",
      "0000000bfffe001c64640000435ac8d9",
      "0000000bfffe001d646400008969e538",
      "0000000bfffe001e64640000cee320e7",
      "0000000bfffe001f6464000000762459",
      "0000000bfffe00206464000047757a3c",
      "0000000bfffe00216464000081a3f72c",
      "0000000bfffe002264640000c45fc917",
      "0000000bfffe0023646400000e7cf06e",
      "0000000bfffe00246464000044e9d9d5",
      "0000000bfffe0025646400008cb5b348",
      "0000000bfffe0026646400001b20154c",
      "0000000bfffe0027646400005178747d",
      "0000000bfffe0028646400009daa8b91",
      "0000000bfffe002964640000dc3bb58b",
      "0000000bfffe002a646400001e17e32e",
      "0000000bfffe002b64640000561e8cab",
      "0000000bfffe002c6464000095ab0f9f",
      "0000000bfffe002d64640000df936514",
      "0000000bfffe002e646400001b8ec3f8",
      "0000000bfffe002f646400005c1c9a2d",
      "0000000bfffe0030646400009283a18d",
      "0000000bfffe003164640000dfc3c79c",
      "0000000bfffe0032646400001c8569e5",
      "0000000bfffe00336464000051a2a9a7",
      "0000000bfffe0034646400009e64f4c0",
      "0000000bfffe00356464000026ebbef6",
      "0000000bfffe0036646400006b41073e",
      "0000000bfffe003764640000a7efa97f",
      "0000000bfffe003864640000e235ff22",
      "0000000bfffe0039646400002abfb371",
      "0000000bfffe003a646400006d2da598",
      "0000000bfffe003b64640000a4cbef47",
      "0000000bfffe003c64640000edeff79a",
      "0000000bfffe003d6464000023a4fee3",
      "0000000bfffe003e6464000060e0bbf9",
      "0000000bfffe003f64640000a7b8edf1",
      "0000000bfffe000064640000e4724cc4",
      "0000000bfffe00016464000025f848b6",
      "0000000bfffe00026464000063b29825",
      "0000000bfffe000364640000a6a78d8c",
      "0000000bfffe0004646400003896746d",
      "0000000bfffe00056464000074f84f9c",
      "0000000bfffe000664640000be323966",
      "0000000bfffe000764640000f79f7255",
      "0000000bfffe0008646400003c3e6982",
      "0000000bfffe0009646400007ff9f03f",
      "0000000bfffe000a64640000bf9ae826",
      "0000000bfffe000b64640000fc6ffaac",
      "0000000bfffe000c6464000034f2ccb5",
      "0000000bfffe000d646400007949ba3e",
      "0000000bfffe000e64640000b4707d8c",
      "0000000bfffe000f64640000ff634811",
      "0000000bfffe001064640000337c58b7",
      "0000000bfffe0011646400007cea854a",
      "0000000bfffe001264640000b45bc56a",
      "0000000bfffe0013646400000e14661e",
      "0000000bfffe0014646400004b6c9e34",
      "0000000bfffe00156464000088082ba3",
      "0000000bfffe001664640000c297af48",
      "0000000bfffe00176464000009265ad7",
      "0000000bfffe0018646400004b2ee607",
      "0000000bfffe001964640000855ec2bc",
      "0000000bfffe001a64640000c99ff769",
      "0000000bfffe001b64640000070c5937",
      "0000000bfffe001c64640000466c75bb",
      "0000000bfffe001d646400008def2e44",
      "0000000bfffe001e64640000c9749c56",
      "0000000bfffe001f646400000b931193",
      "0000000bfffe0020646400004c2e97c8",
      "0000000bfffe002164640000868667e2",
      "0000000bfffe00226464000018afeb55",
      "0000000bfffe002364640000554db76b",
      "0000000bfffe00246464000090ed46c5",
      "0000000bfffe002564640000d918caf0",
      "0000000bfffe00266464000015f7dbba",
      "0000000bfffe00276464000052d46bea",
      "0000000bfffe002864640000926277ff",
      "0000000bfffe002964640000d4a0cb04",
      "0000000bfffe002a646400001d7d19e4",
      "0000000bfffe002b6464000056a796f0",
      "0000000bfffe002c646400009b240ca3",
      "0000000bfffe002d64640000d117ec47",
      "0000000bfffe002e6464000015b3347b",
      "0000000bfffe002f6464000055e90af0",
      "0000000bfffe00306464000099d927c3",
      "0000000bfffe003164640000289a67cc",
      "0000000bfffe0032646400006666e11f",
      "0000000bfffe003364640000a63f2410",
      "0000000bfffe003464640000ed7899d0",
      "0000000bfffe0035646400002612f699",
      "0000000bfffe0036646400006f790596",
      "0000000bfffe003764640000a9d687e5",
      "0000000bfffe003864640000e59d1b67",
      "0000000bfffe0039646400002970fd8f",
      "0000000bfffe003a646400006699eb58",
      "0000000bfffe003b64640000aace6294",
      "0000000bfffe003c64640000e9cfdd1f",
      "0000000bfffe003d646400002de6fb1a",
      "0000000bfffe003e6464000062976393",
      "0000000bfffe003f64640000a9b4e397",
      "0000000bfffe0000646400003589edc5",
      "0000000bfffe0001646400007cabc999",
      "0000000bfffe000264640000b04d2bc4",
      "0000000bfffe000364640000f5c96089",
      "0000000bfffe0004646400003ead028a",
      "0000000bfffe0005646400007984cad1",
      "0000000bfffe000664640000baa974d5",
      "0000000bfffe000764640000f6c53b47",
      "0000000bfffe0008646400003b134ab4",
      "0000000bfffe000964640000760f4654",
      "0000000bfffe000a64640000b70a2eaa",
      "0000000bfffe000b64640000fd0fe034",
      "0000000bfffe000c646400003610f4e5",
      "0000000bfffe000d64640000788dcb7f",
      "0000000bfffe000e64640000bc350d31",
      "0000000bfffe000f646400000d5eada9",
      "0000000bfffe0010646400004a3648e7",
      "0000000bfffe0011646400008343a659",
      "0000000bfffe001264640000cfa3f0a5",
      "0000000bfffe00136464000002e108cd",
      "0000000bfffe0014646400004a369a43",
      "0000000bfffe00156464000081cfbf79",
      "0000000bfffe001664640000c89b2482",
      "0000000bfffe0017646400000e3a264c",
      "0000000bfffe0018646400004c3b1d33",
      "0000000bfffe0019646400008254ddfd",
      "0000000bfffe001a64640000c1f8459a",
      "0000000bfffe001b646400000f02c7f0",
      "0000000bfffe001c64640000401b4de3",
      "0000000bfffe001d6464000080fe7729",
      "0000000bfffe001e6464000017abe3ca",
      "0000000bfffe001f6464000051f53050",
      "0000000bfffe0020646400009d3517c4",
      "0000000bfffe002164640000d6300adf",
      "0000000bfffe00226464000016a1f872",
      "0000000bfffe0023646400005bb74d0e",
      "0000000bfffe00246464000096b448da",
      "0000000bfffe002564640000d67fb0df",
      "0000000bfffe00266464000013373d81",
      "0000000bfffe00276464000057b58e3d",
      "0000000bfffe002864640000981cee36",
      "0000000bfffe002964640000decfdcab",
      "0000000bfffe002a646400001e7e4d80",
      "0000000bfffe002b646400005c760c92",
      "0000000bfffe002c64640000955e6ae3",
      "0000000bfffe002d646400002fc4ab96",
      "0000000bfffe002e6464000065c4e734",
      "0000000bfffe002f64640000a55d6f0c",
      "0000000bfffe003064640000e48fbef8",
      "0000000bfffe0031646400002bea9975",
      "0000000bfffe003264640000635f2cc5",
      "0000000bfffe003364640000abc7083f",
      "0000000bfffe003464640000eb415a88",
      "0000000bfffe00356464000029a42635",
      "0000000bfffe0036646400006f340c04",
      "0000000bfffe003764640000a4feac9e",
      "0000000bfffe003864640000edd9a3d5",
      "0000000bfffe0039646400002dc0d4ed",
      "0000000bfffe003a646400006b55c6c2",
      "0000000bfffe003b64640000a80ab33e"
    ],
    "target_angle_deg": -0.1,
    "target_angle_raw": -2,
    "target_lateral_id": 11,
    "tx_count": 188,
    "tx_echo_delta": 188
  },
  "baseline": {
    "argument": "0x00000000",
    "frame_hex": "00f3152100000000",
    "opcode": "0x21",
    "sequence": 21,
    "state": {
      "last_sequence": 21,
      "magic": "0x4D333346",
      "magic_ok": true,
      "raw_hex": "4633334d0115000003000000000000007854befed454befed854befedc54befef054befe004cbefe044cbefe6453befe030000000000000000000000000000000000000000000000000000ffff0024006f00909303000000",
      "running": false,
      "sample_generation": 3,
      "snapshot_coherent": true,
      "snapshot_generation_end": 3,
      "snapshot_generation_start": 3,
      "snapshot_pending": false,
      "values": [
        {
          "address": "0xFEBE5478",
          "bytes_le": "00000000",
          "raw_hex": "0x00000000",
          "raw_i32": 0,
          "raw_u32": 0,
          "slot": 0
        },
        {
          "address": "0xFEBE54D4",
          "bytes_le": "00000000",
          "raw_hex": "0x00000000",
          "raw_i32": 0,
          "raw_u32": 0,
          "slot": 1
        },
        {
          "address": "0xFEBE54D8",
          "bytes_le": "00000000",
          "raw_hex": "0x00000000",
          "raw_i32": 0,
          "raw_u32": 0,
          "slot": 2
        },
        {
          "address": "0xFEBE54DC",
          "bytes_le": "00000000",
          "raw_hex": "0x00000000",
          "raw_i32": 0,
          "raw_u32": 0,
          "slot": 3
        },
        {
          "address": "0xFEBE54F0",
          "bytes_le": "00000000",
          "raw_hex": "0x00000000",
          "raw_i32": 0,
          "raw_u32": 0,
          "slot": 4
        },
        {
          "address": "0xFEBE4C00",
          "bytes_le": "000000ff",
          "raw_hex": "0xFF000000",
          "raw_i32": -16777216,
          "raw_u32": 4278190080,
          "slot": 5
        },
        {
          "address": "0xFEBE4C04",
          "bytes_le": "ff002400",
          "raw_hex": "0x002400FF",
          "raw_i32": 2359551,
          "raw_u32": 2359551,
          "slot": 6
        },
        {
          "address": "0xFEBE5364",
          "bytes_le": "6f009093",
          "raw_hex": "0x9390006F",
          "raw_i32": -1819279249,
          "raw_u32": 2475688047,
          "slot": 7
        }
      ],
      "version": 1,
      "version_ok": true,
      "watch_addresses": [
        "0xFEBE5478",
        "0xFEBE54D4",
        "0xFEBE54D8",
        "0xFEBE54DC",
        "0xFEBE54F0",
        "0xFEBE4C00",
        "0xFEBE4C04",
        "0xFEBE5364"
      ],
      "watch_addresses_raw": [
        4273886328,
        4273886420,
        4273886424,
        4273886428,
        4273886448,
        4273884160,
        4273884164,
        4273886052
      ]
    }
  },
  "capture": {
    "coherent_host_reads": 25,
    "distinct_generations": 1,
    "duration_seconds": 3.0,
    "first": {
      "last_sequence": 22,
      "magic": "0x4D333346",
      "magic_ok": true,
      "raw_hex": "4633334d0116010003000000000000007854befed454befed854befedc54befef054befe004cbefe044cbefe6453befe030000000000000000000000000000000000000000000000000000ffff0024006f00909303000000",
      "running": true,
      "sample_generation": 3,
      "snapshot_coherent": true,
      "snapshot_generation_end": 3,
      "snapshot_generation_start": 3,
      "snapshot_pending": false,
      "t_monotonic_ns": 2284458754434,
      "values": [
        {
          "address": "0xFEBE5478",
          "bytes_le": "00000000",
          "raw_hex": "0x00000000",
          "raw_i32": 0,
          "raw_u32": 0,
          "slot": 0
        },
        {
          "address": "0xFEBE54D4",
          "bytes_le": "00000000",
          "raw_hex": "0x00000000",
          "raw_i32": 0,
          "raw_u32": 0,
          "slot": 1
        },
        {
          "address": "0xFEBE54D8",
          "bytes_le": "00000000",
          "raw_hex": "0x00000000",
          "raw_i32": 0,
          "raw_u32": 0,
          "slot": 2
        },
        {
          "address": "0xFEBE54DC",
          "bytes_le": "00000000",
          "raw_hex": "0x00000000",
          "raw_i32": 0,
          "raw_u32": 0,
          "slot": 3
        },
        {
          "address": "0xFEBE54F0",
          "bytes_le": "00000000",
          "raw_hex": "0x00000000",
          "raw_i32": 0,
          "raw_u32": 0,
          "slot": 4
        },
        {
          "address": "0xFEBE4C00",
          "bytes_le": "000000ff",
          "raw_hex": "0xFF000000",
          "raw_i32": -16777216,
          "raw_u32": 4278190080,
          "slot": 5
        },
        {
          "address": "0xFEBE4C04",
          "bytes_le": "ff002400",
          "raw_hex": "0x002400FF",
          "raw_i32": 2359551,
          "raw_u32": 2359551,
          "slot": 6
        },
        {
          "address": "0xFEBE5364",
          "bytes_le": "6f009093",
          "raw_hex": "0x9390006F",
          "raw_i32": -1819279249,
          "raw_u32": 2475688047,
          "slot": 7
        }
      ],
      "version": 1,
      "version_ok": true,
      "watch_addresses": [
        "0xFEBE5478",
        "0xFEBE54D4",
        "0xFEBE54D8",
        "0xFEBE54DC",
        "0xFEBE54F0",
        "0xFEBE4C00",
        "0xFEBE4C04",
        "0xFEBE5364"
      ],
      "watch_addresses_raw": [
        4273886328,
        4273886420,
        4273886424,
        4273886428,
        4273886448,
        4273884160,
        4273884164,
        4273886052
      ]
    },
    "generation_first": 3,
    "generation_last": 3,
    "last": {
      "last_sequence": 22,
      "magic": "0x4D333346",
      "magic_ok": true,
      "raw_hex": "4633334d0116010003000000000000007854befed454befed854befedc54befef054befe004cbefe044cbefe6453befe030000000000000000000000000000000000000000000000000000ffff0024006f00909303000000",
      "running": true,
      "sample_generation": 3,
      "snapshot_coherent": true,
      "snapshot_generation_end": 3,
      "snapshot_generation_start": 3,
      "snapshot_pending": false,
      "t_monotonic_ns": 2287338562212,
      "values": [
        {
          "address": "0xFEBE5478",
          "bytes_le": "00000000",
          "raw_hex": "0x00000000",
          "raw_i32": 0,
          "raw_u32": 0,
          "slot": 0
        },
        {
          "address": "0xFEBE54D4",
          "bytes_le": "00000000",
          "raw_hex": "0x00000000",
          "raw_i32": 0,
          "raw_u32": 0,
          "slot": 1
        },
        {
          "address": "0xFEBE54D8",
          "bytes_le": "00000000",
          "raw_hex": "0x00000000",
          "raw_i32": 0,
          "raw_u32": 0,
          "slot": 2
        },
        {
          "address": "0xFEBE54DC",
          "bytes_le": "00000000",
          "raw_hex": "0x00000000",
          "raw_i32": 0,
          "raw_u32": 0,
          "slot": 3
        },
        {
          "address": "0xFEBE54F0",
          "bytes_le": "00000000",
          "raw_hex": "0x00000000",
          "raw_i32": 0,
          "raw_u32": 0,
          "slot": 4
        },
        {
          "address": "0xFEBE4C00",
          "bytes_le": "000000ff",
          "raw_hex": "0xFF000000",
          "raw_i32": -16777216,
          "raw_u32": 4278190080,
          "slot": 5
        },
        {
          "address": "0xFEBE4C04",
          "bytes_le": "ff002400",
          "raw_hex": "0x002400FF",
          "raw_i32": 2359551,
          "raw_u32": 2359551,
          "slot": 6
        },
        {
          "address": "0xFEBE5364",
          "bytes_le": "6f009093",
          "raw_hex": "0x9390006F",
          "raw_i32": -1819279249,
          "raw_u32": 2475688047,
          "slot": 7
        }
      ],
      "version": 1,
      "version_ok": true,
      "watch_addresses": [
        "0xFEBE5478",
        "0xFEBE54D4",
        "0xFEBE54D8",
        "0xFEBE54DC",
        "0xFEBE54F0",
        "0xFEBE4C00",
        "0xFEBE4C04",
        "0xFEBE5364"
      ],
      "watch_addresses_raw": [
        4273886328,
        4273886420,
        4273886424,
        4273886428,
        4273886448,
        4273884160,
        4273884164,
        4273886052
      ]
    },
    "output": "/tmp/f33-preaggregate-P2.ndjson",
    "poll_seconds": 0.03,
    "schema": "camry-f33-runtime-monitor-capture-v1",
    "torn_host_reads": 0,
    "vehicle_guard_after": {
      "gear": 0,
      "ready_samples": [
        {
          "address": "0x51E",
          "bus": 0,
          "data_hex": "8000880000000000",
          "ready": 1
        }
      ],
      "ready_values": [
        1
      ],
      "wheel_speeds_kph": [
        0.0,
        0.0,
        0.0,
        0.0
      ]
    },
    "vehicle_guard_before": {
      "gear": 0,
      "ready_samples": [
        {
          "address": "0x51E",
          "bus": 0,
          "data_hex": "8000880000000000",
          "ready": 1
        }
      ],
      "ready_values": [
        1
      ],
      "wheel_speeds_kph": [
        0.0,
        0.0,
        0.0,
        0.0
      ]
    }
  },
  "configured": [
    {
      "argument": "0xFEBE5478",
      "frame_hex": "00f30d107854befe",
      "opcode": "0x10",
      "sequence": 13,
      "state": {
        "last_sequence": 13,
        "magic": "0x4D333346",
        "magic_ok": true,
        "raw_hex": "4633334d010d000002000000000000007854befed454befed854befedc54befef054befe004cbefe044cbefe6453befe020000000000000000000000000000000000000000000000000000ffff000a00ef00595b02000000",
        "running": false,
        "sample_generation": 2,
        "snapshot_coherent": true,
        "snapshot_generation_end": 2,
        "snapshot_generation_start": 2,
        "snapshot_pending": false,
        "values": [
          {
            "address": "0xFEBE5478",
            "bytes_le": "00000000",
            "raw_hex": "0x00000000",
            "raw_i32": 0,
            "raw_u32": 0,
            "slot": 0
          },
          {
            "address": "0xFEBE54D4",
            "bytes_le": "00000000",
            "raw_hex": "0x00000000",
            "raw_i32": 0,
            "raw_u32": 0,
            "slot": 1
          },
          {
            "address": "0xFEBE54D8",
            "bytes_le": "00000000",
            "raw_hex": "0x00000000",
            "raw_i32": 0,
            "raw_u32": 0,
            "slot": 2
          },
          {
            "address": "0xFEBE54DC",
            "bytes_le": "00000000",
            "raw_hex": "0x00000000",
            "raw_i32": 0,
            "raw_u32": 0,
            "slot": 3
          },
          {
            "address": "0xFEBE54F0",
            "bytes_le": "00000000",
            "raw_hex": "0x00000000",
            "raw_i32": 0,
            "raw_u32": 0,
            "slot": 4
          },
          {
            "address": "0xFEBE4C00",
            "bytes_le": "000000ff",
            "raw_hex": "0xFF000000",
            "raw_i32": -16777216,
            "raw_u32": 4278190080,
            "slot": 5
          },
          {
            "address": "0xFEBE4C04",
            "bytes_le": "ff000a00",
            "raw_hex": "0x000A00FF",
            "raw_i32": 655615,
            "raw_u32": 655615,
            "slot": 6
          },
          {
            "address": "0xFEBE5364",
            "bytes_le": "ef00595b",
            "raw_hex": "0x5B5900EF",
            "raw_i32": 1532559599,
            "raw_u32": 1532559599,
            "slot": 7
          }
        ],
        "version": 1,
        "version_ok": true,
        "watch_addresses": [
          "0xFEBE5478",
          "0xFEBE54D4",
          "0xFEBE54D8",
          "0xFEBE54DC",
          "0xFEBE54F0",
          "0xFEBE4C00",
          "0xFEBE4C04",
          "0xFEBE5364"
        ],
        "watch_addresses_raw": [
          4273886328,
          4273886420,
          4273886424,
          4273886428,
          4273886448,
          4273884160,
          4273884164,
          4273886052
        ]
      },
      "watch": {
        "byte_offset": 0,
        "requested_address": "0xFEBE5478",
        "slot": 0,
        "window_address": "0xFEBE5478"
      }
    },
    {
      "argument": "0xFEBE54D4",
      "frame_hex": "00f30e11d454befe",
      "opcode": "0x11",
      "sequence": 14,
      "state": {
        "last_sequence": 14,
        "magic": "0x4D333346",
        "magic_ok": true,
        "raw_hex": "4633334d010e000002000000000000007854befed454befed854befedc54befef054befe004cbefe044cbefe6453befe020000000000000000000000000000000000000000000000000000ffff000a00ef00595b02000000",
        "running": false,
        "sample_generation": 2,
        "snapshot_coherent": true,
        "snapshot_generation_end": 2,
        "snapshot_generation_start": 2,
        "snapshot_pending": false,
        "values": [
          {
            "address": "0xFEBE5478",
            "bytes_le": "00000000",
            "raw_hex": "0x00000000",
            "raw_i32": 0,
            "raw_u32": 0,
            "slot": 0
          },
          {
            "address": "0xFEBE54D4",
            "bytes_le": "00000000",
            "raw_hex": "0x00000000",
            "raw_i32": 0,
            "raw_u32": 0,
            "slot": 1
          },
          {
            "address": "0xFEBE54D8",
            "bytes_le": "00000000",
            "raw_hex": "0x00000000",
            "raw_i32": 0,
            "raw_u32": 0,
            "slot": 2
          },
          {
            "address": "0xFEBE54DC",
            "bytes_le": "00000000",
            "raw_hex": "0x00000000",
            "raw_i32": 0,
            "raw_u32": 0,
            "slot": 3
          },
          {
            "address": "0xFEBE54F0",
            "bytes_le": "00000000",
            "raw_hex": "0x00000000",
            "raw_i32": 0,
            "raw_u32": 0,
            "slot": 4
          },
          {
            "address": "0xFEBE4C00",
            "bytes_le": "000000ff",
            "raw_hex": "0xFF000000",
            "raw_i32": -16777216,
            "raw_u32": 4278190080,
            "slot": 5
          },
          {
            "address": "0xFEBE4C04",
            "bytes_le": "ff000a00",
            "raw_hex": "0x000A00FF",
            "raw_i32": 655615,
            "raw_u32": 655615,
            "slot": 6
          },
          {
            "address": "0xFEBE5364",
            "bytes_le": "ef00595b",
            "raw_hex": "0x5B5900EF",
            "raw_i32": 1532559599,
            "raw_u32": 1532559599,
            "slot": 7
          }
        ],
        "version": 1,
        "version_ok": true,
        "watch_addresses": [
          "0xFEBE5478",
          "0xFEBE54D4",
          "0xFEBE54D8",
          "0xFEBE54DC",
          "0xFEBE54F0",
          "0xFEBE4C00",
          "0xFEBE4C04",
          "0xFEBE5364"
        ],
        "watch_addresses_raw": [
          4273886328,
          4273886420,
          4273886424,
          4273886428,
          4273886448,
          4273884160,
          4273884164,
          4273886052
        ]
      },
      "watch": {
        "byte_offset": 0,
        "requested_address": "0xFEBE54D4",
        "slot": 1,
        "window_address": "0xFEBE54D4"
      }
    },
    {
      "argument": "0xFEBE54D8",
      "frame_hex": "00f30f12d854befe",
      "opcode": "0x12",
      "sequence": 15,
      "state": {
        "last_sequence": 15,
        "magic": "0x4D333346",
        "magic_ok": true,
        "raw_hex": "4633334d010f000002000000000000007854befed454befed854befedc54befef054befe004cbefe044cbefe6453befe020000000000000000000000000000000000000000000000000000ffff000a00ef00595b02000000",
        "running": false,
        "sample_generation": 2,
        "snapshot_coherent": true,
        "snapshot_generation_end": 2,
        "snapshot_generation_start": 2,
        "snapshot_pending": false,
        "values": [
          {
            "address": "0xFEBE5478",
            "bytes_le": "00000000",
            "raw_hex": "0x00000000",
            "raw_i32": 0,
            "raw_u32": 0,
            "slot": 0
          },
          {
            "address": "0xFEBE54D4",
            "bytes_le": "00000000",
            "raw_hex": "0x00000000",
            "raw_i32": 0,
            "raw_u32": 0,
            "slot": 1
          },
          {
            "address": "0xFEBE54D8",
            "bytes_le": "00000000",
            "raw_hex": "0x00000000",
            "raw_i32": 0,
            "raw_u32": 0,
            "slot": 2
          },
          {
            "address": "0xFEBE54DC",
            "bytes_le": "00000000",
            "raw_hex": "0x00000000",
            "raw_i32": 0,
            "raw_u32": 0,
            "slot": 3
          },
          {
            "address": "0xFEBE54F0",
            "bytes_le": "00000000",
            "raw_hex": "0x00000000",
            "raw_i32": 0,
            "raw_u32": 0,
            "slot": 4
          },
          {
            "address": "0xFEBE4C00",
            "bytes_le": "000000ff",
            "raw_hex": "0xFF000000",
            "raw_i32": -16777216,
            "raw_u32": 4278190080,
            "slot": 5
          },
          {
            "address": "0xFEBE4C04",
            "bytes_le": "ff000a00",
            "raw_hex": "0x000A00FF",
            "raw_i32": 655615,
            "raw_u32": 655615,
            "slot": 6
          },
          {
            "address": "0xFEBE5364",
            "bytes_le": "ef00595b",
            "raw_hex": "0x5B5900EF",
            "raw_i32": 1532559599,
            "raw_u32": 1532559599,
            "slot": 7
          }
        ],
        "version": 1,
        "version_ok": true,
        "watch_addresses": [
          "0xFEBE5478",
          "0xFEBE54D4",
          "0xFEBE54D8",
          "0xFEBE54DC",
          "0xFEBE54F0",
          "0xFEBE4C00",
          "0xFEBE4C04",
          "0xFEBE5364"
        ],
        "watch_addresses_raw": [
          4273886328,
          4273886420,
          4273886424,
          4273886428,
          4273886448,
          4273884160,
          4273884164,
          4273886052
        ]
      },
      "watch": {
        "byte_offset": 0,
        "requested_address": "0xFEBE54D8",
        "slot": 2,
        "window_address": "0xFEBE54D8"
      }
    },
    {
      "argument": "0xFEBE54DC",
      "frame_hex": "00f31013dc54befe",
      "opcode": "0x13",
      "sequence": 16,
      "state": {
        "last_sequence": 16,
        "magic": "0x4D333346",
        "magic_ok": true,
        "raw_hex": "4633334d0110000002000000000000007854befed454befed854befedc54befef054befe004cbefe044cbefe6453befe020000000000000000000000000000000000000000000000000000ffff000a00ef00595b02000000",
        "running": false,
        "sample_generation": 2,
        "snapshot_coherent": true,
        "snapshot_generation_end": 2,
        "snapshot_generation_start": 2,
        "snapshot_pending": false,
        "values": [
          {
            "address": "0xFEBE5478",
            "bytes_le": "00000000",
            "raw_hex": "0x00000000",
            "raw_i32": 0,
            "raw_u32": 0,
            "slot": 0
          },
          {
            "address": "0xFEBE54D4",
            "bytes_le": "00000000",
            "raw_hex": "0x00000000",
            "raw_i32": 0,
            "raw_u32": 0,
            "slot": 1
          },
          {
            "address": "0xFEBE54D8",
            "bytes_le": "00000000",
            "raw_hex": "0x00000000",
            "raw_i32": 0,
            "raw_u32": 0,
            "slot": 2
          },
          {
            "address": "0xFEBE54DC",
            "bytes_le": "00000000",
            "raw_hex": "0x00000000",
            "raw_i32": 0,
            "raw_u32": 0,
            "slot": 3
          },
          {
            "address": "0xFEBE54F0",
            "bytes_le": "00000000",
            "raw_hex": "0x00000000",
            "raw_i32": 0,
            "raw_u32": 0,
            "slot": 4
          },
          {
            "address": "0xFEBE4C00",
            "bytes_le": "000000ff",
            "raw_hex": "0xFF000000",
            "raw_i32": -16777216,
            "raw_u32": 4278190080,
            "slot": 5
          },
          {
            "address": "0xFEBE4C04",
            "bytes_le": "ff000a00",
            "raw_hex": "0x000A00FF",
            "raw_i32": 655615,
            "raw_u32": 655615,
            "slot": 6
          },
          {
            "address": "0xFEBE5364",
            "bytes_le": "ef00595b",
            "raw_hex": "0x5B5900EF",
            "raw_i32": 1532559599,
            "raw_u32": 1532559599,
            "slot": 7
          }
        ],
        "version": 1,
        "version_ok": true,
        "watch_addresses": [
          "0xFEBE5478",
          "0xFEBE54D4",
          "0xFEBE54D8",
          "0xFEBE54DC",
          "0xFEBE54F0",
          "0xFEBE4C00",
          "0xFEBE4C04",
          "0xFEBE5364"
        ],
        "watch_addresses_raw": [
          4273886328,
          4273886420,
          4273886424,
          4273886428,
          4273886448,
          4273884160,
          4273884164,
          4273886052
        ]
      },
      "watch": {
        "byte_offset": 0,
        "requested_address": "0xFEBE54DC",
        "slot": 3,
        "window_address": "0xFEBE54DC"
      }
    },
    {
      "argument": "0xFEBE54F0",
      "frame_hex": "00f31114f054befe",
      "opcode": "0x14",
      "sequence": 17,
      "state": {
        "last_sequence": 17,
        "magic": "0x4D333346",
        "magic_ok": true,
        "raw_hex": "4633334d0111000002000000000000007854befed454befed854befedc54befef054befe004cbefe044cbefe6453befe020000000000000000000000000000000000000000000000000000ffff000a00ef00595b02000000",
        "running": false,
        "sample_generation": 2,
        "snapshot_coherent": true,
        "snapshot_generation_end": 2,
        "snapshot_generation_start": 2,
        "snapshot_pending": false,
        "values": [
          {
            "address": "0xFEBE5478",
            "bytes_le": "00000000",
            "raw_hex": "0x00000000",
            "raw_i32": 0,
            "raw_u32": 0,
            "slot": 0
          },
          {
            "address": "0xFEBE54D4",
            "bytes_le": "00000000",
            "raw_hex": "0x00000000",
            "raw_i32": 0,
            "raw_u32": 0,
            "slot": 1
          },
          {
            "address": "0xFEBE54D8",
            "bytes_le": "00000000",
            "raw_hex": "0x00000000",
            "raw_i32": 0,
            "raw_u32": 0,
            "slot": 2
          },
          {
            "address": "0xFEBE54DC",
            "bytes_le": "00000000",
            "raw_hex": "0x00000000",
            "raw_i32": 0,
            "raw_u32": 0,
            "slot": 3
          },
          {
            "address": "0xFEBE54F0",
            "bytes_le": "00000000",
            "raw_hex": "0x00000000",
            "raw_i32": 0,
            "raw_u32": 0,
            "slot": 4
          },
          {
            "address": "0xFEBE4C00",
            "bytes_le": "000000ff",
            "raw_hex": "0xFF000000",
            "raw_i32": -16777216,
            "raw_u32": 4278190080,
            "slot": 5
          },
          {
            "address": "0xFEBE4C04",
            "bytes_le": "ff000a00",
            "raw_hex": "0x000A00FF",
            "raw_i32": 655615,
            "raw_u32": 655615,
            "slot": 6
          },
          {
            "address": "0xFEBE5364",
            "bytes_le": "ef00595b",
            "raw_hex": "0x5B5900EF",
            "raw_i32": 1532559599,
            "raw_u32": 1532559599,
            "slot": 7
          }
        ],
        "version": 1,
        "version_ok": true,
        "watch_addresses": [
          "0xFEBE5478",
          "0xFEBE54D4",
          "0xFEBE54D8",
          "0xFEBE54DC",
          "0xFEBE54F0",
          "0xFEBE4C00",
          "0xFEBE4C04",
          "0xFEBE5364"
        ],
        "watch_addresses_raw": [
          4273886328,
          4273886420,
          4273886424,
          4273886428,
          4273886448,
          4273884160,
          4273884164,
          4273886052
        ]
      },
      "watch": {
        "byte_offset": 0,
        "requested_address": "0xFEBE54F0",
        "slot": 4,
        "window_address": "0xFEBE54F0"
      }
    },
    {
      "argument": "0xFEBE4C00",
      "frame_hex": "00f31215004cbefe",
      "opcode": "0x15",
      "sequence": 18,
      "state": {
        "last_sequence": 18,
        "magic": "0x4D333346",
        "magic_ok": true,
        "raw_hex": "4633334d0112000002000000000000007854befed454befed854befedc54befef054befe004cbefe044cbefe6453befe020000000000000000000000000000000000000000000000000000ffff000a00ef00595b02000000",
        "running": false,
        "sample_generation": 2,
        "snapshot_coherent": true,
        "snapshot_generation_end": 2,
        "snapshot_generation_start": 2,
        "snapshot_pending": false,
        "values": [
          {
            "address": "0xFEBE5478",
            "bytes_le": "00000000",
            "raw_hex": "0x00000000",
            "raw_i32": 0,
            "raw_u32": 0,
            "slot": 0
          },
          {
            "address": "0xFEBE54D4",
            "bytes_le": "00000000",
            "raw_hex": "0x00000000",
            "raw_i32": 0,
            "raw_u32": 0,
            "slot": 1
          },
          {
            "address": "0xFEBE54D8",
            "bytes_le": "00000000",
            "raw_hex": "0x00000000",
            "raw_i32": 0,
            "raw_u32": 0,
            "slot": 2
          },
          {
            "address": "0xFEBE54DC",
            "bytes_le": "00000000",
            "raw_hex": "0x00000000",
            "raw_i32": 0,
            "raw_u32": 0,
            "slot": 3
          },
          {
            "address": "0xFEBE54F0",
            "bytes_le": "00000000",
            "raw_hex": "0x00000000",
            "raw_i32": 0,
            "raw_u32": 0,
            "slot": 4
          },
          {
            "address": "0xFEBE4C00",
            "bytes_le": "000000ff",
            "raw_hex": "0xFF000000",
            "raw_i32": -16777216,
            "raw_u32": 4278190080,
            "slot": 5
          },
          {
            "address": "0xFEBE4C04",
            "bytes_le": "ff000a00",
            "raw_hex": "0x000A00FF",
            "raw_i32": 655615,
            "raw_u32": 655615,
            "slot": 6
          },
          {
            "address": "0xFEBE5364",
            "bytes_le": "ef00595b",
            "raw_hex": "0x5B5900EF",
            "raw_i32": 1532559599,
            "raw_u32": 1532559599,
            "slot": 7
          }
        ],
        "version": 1,
        "version_ok": true,
        "watch_addresses": [
          "0xFEBE5478",
          "0xFEBE54D4",
          "0xFEBE54D8",
          "0xFEBE54DC",
          "0xFEBE54F0",
          "0xFEBE4C00",
          "0xFEBE4C04",
          "0xFEBE5364"
        ],
        "watch_addresses_raw": [
          4273886328,
          4273886420,
          4273886424,
          4273886428,
          4273886448,
          4273884160,
          4273884164,
          4273886052
        ]
      },
      "watch": {
        "byte_offset": 0,
        "requested_address": "0xFEBE4C00",
        "slot": 5,
        "window_address": "0xFEBE4C00"
      }
    },
    {
      "argument": "0xFEBE4C04",
      "frame_hex": "00f31316044cbefe",
      "opcode": "0x16",
      "sequence": 19,
      "state": {
        "last_sequence": 19,
        "magic": "0x4D333346",
        "magic_ok": true,
        "raw_hex": "4633334d0113000002000000000000007854befed454befed854befedc54befef054befe004cbefe044cbefe6453befe020000000000000000000000000000000000000000000000000000ffff000a00ef00595b02000000",
        "running": false,
        "sample_generation": 2,
        "snapshot_coherent": true,
        "snapshot_generation_end": 2,
        "snapshot_generation_start": 2,
        "snapshot_pending": false,
        "values": [
          {
            "address": "0xFEBE5478",
            "bytes_le": "00000000",
            "raw_hex": "0x00000000",
            "raw_i32": 0,
            "raw_u32": 0,
            "slot": 0
          },
          {
            "address": "0xFEBE54D4",
            "bytes_le": "00000000",
            "raw_hex": "0x00000000",
            "raw_i32": 0,
            "raw_u32": 0,
            "slot": 1
          },
          {
            "address": "0xFEBE54D8",
            "bytes_le": "00000000",
            "raw_hex": "0x00000000",
            "raw_i32": 0,
            "raw_u32": 0,
            "slot": 2
          },
          {
            "address": "0xFEBE54DC",
            "bytes_le": "00000000",
            "raw_hex": "0x00000000",
            "raw_i32": 0,
            "raw_u32": 0,
            "slot": 3
          },
          {
            "address": "0xFEBE54F0",
            "bytes_le": "00000000",
            "raw_hex": "0x00000000",
            "raw_i32": 0,
            "raw_u32": 0,
            "slot": 4
          },
          {
            "address": "0xFEBE4C00",
            "bytes_le": "000000ff",
            "raw_hex": "0xFF000000",
            "raw_i32": -16777216,
            "raw_u32": 4278190080,
            "slot": 5
          },
          {
            "address": "0xFEBE4C04",
            "bytes_le": "ff000a00",
            "raw_hex": "0x000A00FF",
            "raw_i32": 655615,
            "raw_u32": 655615,
            "slot": 6
          },
          {
            "address": "0xFEBE5364",
            "bytes_le": "ef00595b",
            "raw_hex": "0x5B5900EF",
            "raw_i32": 1532559599,
            "raw_u32": 1532559599,
            "slot": 7
          }
        ],
        "version": 1,
        "version_ok": true,
        "watch_addresses": [
          "0xFEBE5478",
          "0xFEBE54D4",
          "0xFEBE54D8",
          "0xFEBE54DC",
          "0xFEBE54F0",
          "0xFEBE4C00",
          "0xFEBE4C04",
          "0xFEBE5364"
        ],
        "watch_addresses_raw": [
          4273886328,
          4273886420,
          4273886424,
          4273886428,
          4273886448,
          4273884160,
          4273884164,
          4273886052
        ]
      },
      "watch": {
        "byte_offset": 0,
        "requested_address": "0xFEBE4C04",
        "slot": 6,
        "window_address": "0xFEBE4C04"
      }
    },
    {
      "argument": "0xFEBE5364",
      "frame_hex": "00f314176453befe",
      "opcode": "0x17",
      "sequence": 20,
      "state": {
        "last_sequence": 20,
        "magic": "0x4D333346",
        "magic_ok": true,
        "raw_hex": "4633334d0114000002000000000000007854befed454befed854befedc54befef054befe004cbefe044cbefe6453befe020000000000000000000000000000000000000000000000000000ffff000a00ef00595b02000000",
        "running": false,
        "sample_generation": 2,
        "snapshot_coherent": true,
        "snapshot_generation_end": 2,
        "snapshot_generation_start": 2,
        "snapshot_pending": false,
        "values": [
          {
            "address": "0xFEBE5478",
            "bytes_le": "00000000",
            "raw_hex": "0x00000000",
            "raw_i32": 0,
            "raw_u32": 0,
            "slot": 0
          },
          {
            "address": "0xFEBE54D4",
            "bytes_le": "00000000",
            "raw_hex": "0x00000000",
            "raw_i32": 0,
            "raw_u32": 0,
            "slot": 1
          },
          {
            "address": "0xFEBE54D8",
            "bytes_le": "00000000",
            "raw_hex": "0x00000000",
            "raw_i32": 0,
            "raw_u32": 0,
            "slot": 2
          },
          {
            "address": "0xFEBE54DC",
            "bytes_le": "00000000",
            "raw_hex": "0x00000000",
            "raw_i32": 0,
            "raw_u32": 0,
            "slot": 3
          },
          {
            "address": "0xFEBE54F0",
            "bytes_le": "00000000",
            "raw_hex": "0x00000000",
            "raw_i32": 0,
            "raw_u32": 0,
            "slot": 4
          },
          {
            "address": "0xFEBE4C00",
            "bytes_le": "000000ff",
            "raw_hex": "0xFF000000",
            "raw_i32": -16777216,
            "raw_u32": 4278190080,
            "slot": 5
          },
          {
            "address": "0xFEBE4C04",
            "bytes_le": "ff000a00",
            "raw_hex": "0x000A00FF",
            "raw_i32": 655615,
            "raw_u32": 655615,
            "slot": 6
          },
          {
            "address": "0xFEBE5364",
            "bytes_le": "ef00595b",
            "raw_hex": "0x5B5900EF",
            "raw_i32": 1532559599,
            "raw_u32": 1532559599,
            "slot": 7
          }
        ],
        "version": 1,
        "version_ok": true,
        "watch_addresses": [
          "0xFEBE5478",
          "0xFEBE54D4",
          "0xFEBE54D8",
          "0xFEBE54DC",
          "0xFEBE54F0",
          "0xFEBE4C00",
          "0xFEBE4C04",
          "0xFEBE5364"
        ],
        "watch_addresses_raw": [
          4273886328,
          4273886420,
          4273886424,
          4273886428,
          4273886448,
          4273884160,
          4273884164,
          4273886052
        ]
      },
      "watch": {
        "byte_offset": 0,
        "requested_address": "0xFEBE5364",
        "slot": 7,
        "window_address": "0xFEBE5364"
      }
    }
  ],
  "freshness_epoch_stable": false,
  "native_after": {
    "angle_age_ms": 0.135,
    "reset_counter": 879,
    "steering_angle_deg": -0.1,
    "sync_age_ms": 85.585,
    "trip_counter": 511
  },
  "native_before": {
    "angle_age_ms": 2.99,
    "reset_counter": 862,
    "steering_angle_deg": -0.1,
    "sync_age_ms": 69.596,
    "trip_counter": 511
  },
  "phase": "P",
  "post": {
    "argument": "0x00000000",
    "frame_hex": "00f3182100000000",
    "opcode": "0x21",
    "sequence": 24,
    "state": {
      "last_sequence": 24,
      "magic": "0x4D333346",
      "magic_ok": true,
      "raw_hex": "4633334d0118000004000000000000007854befed454befed854befedc54befef054befe004cbefe044cbefe6453befe040000000000000000000000000000000000000000000000000000ffff002300ef00979904000000",
      "running": false,
      "sample_generation": 4,
      "snapshot_coherent": true,
      "snapshot_generation_end": 4,
      "snapshot_generation_start": 4,
      "snapshot_pending": false,
      "values": [
        {
          "address": "0xFEBE5478",
          "bytes_le": "00000000",
          "raw_hex": "0x00000000",
          "raw_i32": 0,
          "raw_u32": 0,
          "slot": 0
        },
        {
          "address": "0xFEBE54D4",
          "bytes_le": "00000000",
          "raw_hex": "0x00000000",
          "raw_i32": 0,
          "raw_u32": 0,
          "slot": 1
        },
        {
          "address": "0xFEBE54D8",
          "bytes_le": "00000000",
          "raw_hex": "0x00000000",
          "raw_i32": 0,
          "raw_u32": 0,
          "slot": 2
        },
        {
          "address": "0xFEBE54DC",
          "bytes_le": "00000000",
          "raw_hex": "0x00000000",
          "raw_i32": 0,
          "raw_u32": 0,
          "slot": 3
        },
        {
          "address": "0xFEBE54F0",
          "bytes_le": "00000000",
          "raw_hex": "0x00000000",
          "raw_i32": 0,
          "raw_u32": 0,
          "slot": 4
        },
        {
          "address": "0xFEBE4C00",
          "bytes_le": "000000ff",
          "raw_hex": "0xFF000000",
          "raw_i32": -16777216,
          "raw_u32": 4278190080,
          "slot": 5
        },
        {
          "address": "0xFEBE4C04",
          "bytes_le": "ff002300",
          "raw_hex": "0x002300FF",
          "raw_i32": 2294015,
          "raw_u32": 2294015,
          "slot": 6
        },
        {
          "address": "0xFEBE5364",
          "bytes_le": "ef009799",
          "raw_hex": "0x999700EF",
          "raw_i32": -1718157073,
          "raw_u32": 2576810223,
          "slot": 7
        }
      ],
      "version": 1,
      "version_ok": true,
      "watch_addresses": [
        "0xFEBE5478",
        "0xFEBE54D4",
        "0xFEBE54D8",
        "0xFEBE54DC",
        "0xFEBE54F0",
        "0xFEBE4C00",
        "0xFEBE4C04",
        "0xFEBE5364"
      ],
      "watch_addresses_raw": [
        4273886328,
        4273886420,
        4273886424,
        4273886428,
        4273886448,
        4273884160,
        4273884164,
        4273886052
      ]
    }
  },
  "preaggregate_ingress": {
    "matched_phase_frame_indices": [],
    "queue_length": 0,
    "queued_b0_b11_hex": "000000000000000000000000",
    "queued_phase_signature_hex": "00000000000000000000000000000000",
    "queued_trailer_b28_b31_hex": "00000000",
    "route44_generation_window_hex": "6f009093",
    "route44_prior_b1_b8_hex": "000000ffff002400",
    "sample_generation": 3,
    "verdict": "no_profile2_queue_hit_latched"
  },
  "schema": "camry-f33-runtime-monitor-b6-phase-v1",
  "verdict": "phase_complete",
  "watch_windows": [
    "0xFEBE5478",
    "0xFEBE54D4",
    "0xFEBE54D8",
    "0xFEBE54DC",
    "0xFEBE54F0",
    "0xFEBE4C00",
    "0xFEBE4C04",
    "0xFEBE5364"
  ]
}
EXIT:0
---
25 /tmp/f33-preaggregate-P2.ndjson
{"last_sequence": 22, "magic": "0x4D333346", "magic_ok": true, "raw_hex": "4633334d0116010003000000000000007854befed454befed854befedc54befef054befe004cbefe044cbefe6453befe030000000000000000000000000000000000000000000000000000ffff0024006f00909303000000", "running": true, "sample_generation": 3, "snapshot_coherent": true, "snapshot_generation_end": 3, "snapshot_generation_start": 3, "snapshot_pending": false, "t_monotonic_ns": 2287338562212, "values": [{"address": "0xFEBE5478", "bytes_le": "00000000", "raw_hex": "0x00000000", "raw_i32": 0, "raw_u32": 0, "slot": 0}, {"address": "0xFEBE54D4", "bytes_le": "00000000", "raw_hex": "0x00000000", "raw_i32": 0, "raw_u32": 0, "slot": 1}, {"address": "0xFEBE54D8", "bytes_le": "00000000", "raw_hex": "0x00000000", "raw_i32": 0, "raw_u32": 0, "slot": 2}, {"address": "0xFEBE54DC", "bytes_le": "00000000", "raw_hex": "0x00000000", "raw_i32": 0, "raw_u32": 0, "slot": 3}, {"address": "0xFEBE54F0", "bytes_le": "00000000", "raw_hex": "0x00000000", "raw_i32": 0, "raw_u32": 0, "slot": 4}, {"address": "0xFEBE4C00", "bytes_le": "000000ff", "raw_hex": "0xFF000000", "raw_i32": -16777216, "raw_u32": 4278190080, "slot": 5}, {"address": "0xFEBE4C04", "bytes_le": "ff002400", "raw_hex": "0x002400FF", "raw_i32": 2359551, "raw_u32": 2359551, "slot": 6}, {"address": "0xFEBE5364", "bytes_le": "6f009093", "raw_hex": "0x9390006F", "raw_i32": -1819279249, "raw_u32": 2475688047, "slot": 7}], "version": 1, "version_ok": true, "watch_addresses": ["0xFEBE5478", "0xFEBE54D4", "0xFEBE54D8", "0xFEBE54DC", "0xFEBE54F0", "0xFEBE4C00", "0xFEBE4C04", "0xFEBE5364"], "watch_addresses_raw": [4273886328, 4273886420, 4273886424, 4273886428, 4273886448, 4273884160, 4273884164, 4273886052]}
